2025-07-23 04:34:48.515 [INFO]: Database pool created successfully
Meta: {
  "service": "aol-tms-backend",
  "version": "2.0.0",
  "environment": "development",
  "hostname": "localhost",
  "pid": 6564
}
2025-07-23 04:34:48.520 [INFO]: Using memory store for brute force protection (development mode)
Meta: {
  "service": "aol-tms-backend",
  "version": "2.0.0",
  "environment": "development",
  "hostname": "localhost",
  "pid": 6564
}
2025-07-23 04:34:48.559 [INFO]: Initializing Socket.IO server...
Meta: {
  "service": "aol-tms-backend",
  "version": "2.0.0",
  "environment": "development",
  "hostname": "localhost",
  "pid": 6564
}
2025-07-23 04:34:48.561 [INFO]: Socket.IO server initialized successfully
Meta: {
  "service": "aol-tms-backend",
  "version": "2.0.0",
  "environment": "development",
  "hostname": "localhost",
  "pid": 6564
}
2025-07-23 04:34:48.562 [INFO]: Running in development mode - database connection optional
Meta: {
  "service": "aol-tms-backend",
  "version": "2.0.0",
  "environment": "development",
  "hostname": "localhost",
  "pid": 6564
}
2025-07-23 04:34:48.613 [ERROR]: Database connection test failed: connect ECONNREFUSED 127.0.0.1:3306
Stack: Error: connect ECONNREFUSED 127.0.0.1:3306
    at TCPConnectWrap.afterConnect [as oncomplete] (node:net:1636:16)
Meta: {
  "service": "aol-tms-backend",
  "version": "2.0.0",
  "environment": "development",
  "hostname": "localhost",
  "pid": 6564,
  "errno": -111,
  "code": "ECONNREFUSED",
  "syscall": "connect",
  "address": "127.0.0.1",
  "port": 3306,
  "fatal": true
}
2025-07-23 04:34:48.615 [WARN]: Database connection failed, running in mock mode:
Meta: {
  "service": "aol-tms-backend",
  "version": "2.0.0",
  "environment": "development",
  "hostname": "localhost",
  "pid": 6564
}
2025-07-23 04:34:48.617 [INFO]: System startup completed
Meta: {
  "service": "aol-tms-backend",
  "version": "2.0.0",
  "environment": "development",
  "hostname": "localhost",
  "pid": 6564,
  "eventType": "SYSTEM_STARTUP",
  "severity": "low",
  "description": "AOL TMS Enterprise Backend started successfully",
  "details": {
    "port": "5000",
    "environment": "development",
    "timestamp": "2025-07-23T04:34:48.616Z",
    "features": [
      "zero-trust-security",
      "multi-factor-authentication",
      "role-based-access-control",
      "real-time-chat",
      "document-ocr"
    ]
  }
}
2025-07-23 04:34:48.618 [INFO]: 🚀 AOL TMS Enterprise Backend started successfully
Meta: {
  "service": "aol-tms-backend",
  "version": "2.0.0",
  "environment": "development",
  "hostname": "localhost",
  "pid": 6564
}
2025-07-23 04:34:48.619 [INFO]: 📡 Server running on port 5000
Meta: {
  "service": "aol-tms-backend",
  "version": "2.0.0",
  "environment": "development",
  "hostname": "localhost",
  "pid": 6564
}
2025-07-23 04:34:48.620 [INFO]: 🌍 Environment: development
Meta: {
  "service": "aol-tms-backend",
  "version": "2.0.0",
  "environment": "development",
  "hostname": "localhost",
  "pid": 6564
}
2025-07-23 04:34:48.628 [INFO]: 🔒 Security: Zero Trust Architecture enabled
Meta: {
  "service": "aol-tms-backend",
  "version": "2.0.0",
  "environment": "development",
  "hostname": "localhost",
  "pid": 6564
}
2025-07-23 04:34:48.628 [INFO]: 💬 Real-time: Socket.IO enabled
Meta: {
  "service": "aol-tms-backend",
  "version": "2.0.0",
  "environment": "development",
  "hostname": "localhost",
  "pid": 6564
}
2025-07-23 04:34:48.628 [INFO]: 📊 Health Check: http://localhost:5000/health
Meta: {
  "service": "aol-tms-backend",
  "version": "2.0.0",
  "environment": "development",
  "hostname": "localhost",
  "pid": 6564
}
2025-07-23 04:34:48.628 [INFO]: 🔧 API Base URL: http://localhost:5000/api
Meta: {
  "service": "aol-tms-backend",
  "version": "2.0.0",
  "environment": "development",
  "hostname": "localhost",
  "pid": 6564
}
2025-07-23 04:34:48.629 [INFO]: 📁 File Uploads: http://localhost:5000/uploads
Meta: {
  "service": "aol-tms-backend",
  "version": "2.0.0",
  "environment": "development",
  "hostname": "localhost",
  "pid": 6564
}
2025-07-23 04:34:55.299 [INFO]: Database pool created successfully
Meta: {
  "service": "aol-tms-backend",
  "version": "2.0.0",
  "environment": "development",
  "hostname": "localhost",
  "pid": 6619
}
2025-07-23 04:34:55.301 [INFO]: Using memory store for brute force protection (development mode)
Meta: {
  "service": "aol-tms-backend",
  "version": "2.0.0",
  "environment": "development",
  "hostname": "localhost",
  "pid": 6619
}
2025-07-23 04:34:55.333 [INFO]: Initializing Socket.IO server...
Meta: {
  "service": "aol-tms-backend",
  "version": "2.0.0",
  "environment": "development",
  "hostname": "localhost",
  "pid": 6619
}
2025-07-23 04:34:55.334 [INFO]: Socket.IO server initialized successfully
Meta: {
  "service": "aol-tms-backend",
  "version": "2.0.0",
  "environment": "development",
  "hostname": "localhost",
  "pid": 6619
}
2025-07-23 04:34:55.335 [INFO]: Running in development mode - database connection optional
Meta: {
  "service": "aol-tms-backend",
  "version": "2.0.0",
  "environment": "development",
  "hostname": "localhost",
  "pid": 6619
}
2025-07-23 04:34:59.842 [HTTP]: ::ffff:127.0.0.1 - - [23/Jul/2025:04:34:59 +0000] "GET /api/admin/system-health HTTP/1.1" 401 56 "-" "curl/7.88.1" 5.160 ms
Meta: {
  "service": "aol-tms-backend",
  "version": "2.0.0",
  "environment": "development",
  "hostname": "localhost",
  "pid": 6564
}
2025-07-23 04:34:59.855 [ERROR]: Failed to log security event: connect ECONNREFUSED 127.0.0.1:3306
Stack: Error: connect ECONNREFUSED 127.0.0.1:3306
    at PromisePool.execute (/app/code/node_modules/mysql2/lib/promise/pool.js:54:22)
    at logSecurityEvent (file:///app/code/backend/src/middleware/security.js:640:14)
    at ServerResponse.<anonymous> (file:///app/code/backend/server.js:208:7)
    at ServerResponse.emit (node:events:530:35)
    at onFinish (node:_http_outgoing:1081:10)
    at callback (node:internal/streams/writable:766:21)
    at afterWrite (node:internal/streams/writable:710:5)
    at afterWriteTick (node:internal/streams/writable:696:10)
    at process.processTicksAndRejections (node:internal/process/task_queues:89:21)
Meta: {
  "service": "aol-tms-backend",
  "version": "2.0.0",
  "environment": "development",
  "hostname": "localhost",
  "pid": 6564,
  "code": "ECONNREFUSED",
  "errno": -111
}
