{"@timestamp":"2025-07-23 04:34:48.513","level":"info","message":"Database pool created successfully","source":"aol-tms-backend","environment":"development","service":"aol-tms-backend","version":"2.0.0","hostname":"localhost","pid":6564}
{"@timestamp":"2025-07-23 04:34:48.519","level":"info","message":"Using memory store for brute force protection (development mode)","source":"aol-tms-backend","environment":"development","service":"aol-tms-backend","version":"2.0.0","hostname":"localhost","pid":6564}
{"@timestamp":"2025-07-23 04:34:48.559","level":"info","message":"Initializing Socket.IO server...","source":"aol-tms-backend","environment":"development","service":"aol-tms-backend","version":"2.0.0","hostname":"localhost","pid":6564}
{"@timestamp":"2025-07-23 04:34:48.561","level":"info","message":"Socket.IO server initialized successfully","source":"aol-tms-backend","environment":"development","service":"aol-tms-backend","version":"2.0.0","hostname":"localhost","pid":6564}
{"@timestamp":"2025-07-23 04:34:48.561","level":"info","message":"Running in development mode - database connection optional","source":"aol-tms-backend","environment":"development","service":"aol-tms-backend","version":"2.0.0","hostname":"localhost","pid":6564}
{"@timestamp":"2025-07-23 04:34:48.602","level":"error","message":"Database connection test failed: connect ECONNREFUSED 127.0.0.1:3306","source":"aol-tms-backend","environment":"development","service":"aol-tms-backend","version":"2.0.0","hostname":"localhost","pid":6564,"errno":-111,"code":"ECONNREFUSED","syscall":"connect","address":"127.0.0.1","port":3306,"fatal":true,"stack":"Error: connect ECONNREFUSED 127.0.0.1:3306\n    at TCPConnectWrap.afterConnect [as oncomplete] (node:net:1636:16)"}
{"@timestamp":"2025-07-23 04:34:48.614","level":"warn","message":"Database connection failed, running in mock mode:","source":"aol-tms-backend","environment":"development","service":"aol-tms-backend","version":"2.0.0","hostname":"localhost","pid":6564}
{"@timestamp":"2025-07-23 04:34:48.616","level":"info","message":"System startup completed","source":"aol-tms-backend","environment":"development","service":"aol-tms-backend","version":"2.0.0","hostname":"localhost","pid":6564,"eventType":"SYSTEM_STARTUP","severity":"low","description":"AOL TMS Enterprise Backend started successfully","details":{"port":"5000","environment":"development","timestamp":"2025-07-23T04:34:48.616Z","features":["zero-trust-security","multi-factor-authentication","role-based-access-control","real-time-chat","document-ocr"]}}
{"@timestamp":"2025-07-23 04:34:48.618","level":"info","message":"🚀 AOL TMS Enterprise Backend started successfully","source":"aol-tms-backend","environment":"development","service":"aol-tms-backend","version":"2.0.0","hostname":"localhost","pid":6564}
{"@timestamp":"2025-07-23 04:34:48.619","level":"info","message":"📡 Server running on port 5000","source":"aol-tms-backend","environment":"development","service":"aol-tms-backend","version":"2.0.0","hostname":"localhost","pid":6564}
{"@timestamp":"2025-07-23 04:34:48.620","level":"info","message":"🌍 Environment: development","source":"aol-tms-backend","environment":"development","service":"aol-tms-backend","version":"2.0.0","hostname":"localhost","pid":6564}
{"@timestamp":"2025-07-23 04:34:48.620","level":"info","message":"🔒 Security: Zero Trust Architecture enabled","source":"aol-tms-backend","environment":"development","service":"aol-tms-backend","version":"2.0.0","hostname":"localhost","pid":6564}
{"@timestamp":"2025-07-23 04:34:48.628","level":"info","message":"💬 Real-time: Socket.IO enabled","source":"aol-tms-backend","environment":"development","service":"aol-tms-backend","version":"2.0.0","hostname":"localhost","pid":6564}
{"@timestamp":"2025-07-23 04:34:48.628","level":"info","message":"📊 Health Check: http://localhost:5000/health","source":"aol-tms-backend","environment":"development","service":"aol-tms-backend","version":"2.0.0","hostname":"localhost","pid":6564}
{"@timestamp":"2025-07-23 04:34:48.628","level":"info","message":"🔧 API Base URL: http://localhost:5000/api","source":"aol-tms-backend","environment":"development","service":"aol-tms-backend","version":"2.0.0","hostname":"localhost","pid":6564}
{"@timestamp":"2025-07-23 04:34:48.629","level":"info","message":"📁 File Uploads: http://localhost:5000/uploads","source":"aol-tms-backend","environment":"development","service":"aol-tms-backend","version":"2.0.0","hostname":"localhost","pid":6564}
{"@timestamp":"2025-07-23 04:34:55.295","level":"info","message":"Database pool created successfully","source":"aol-tms-backend","environment":"development","service":"aol-tms-backend","version":"2.0.0","hostname":"localhost","pid":6619}
{"@timestamp":"2025-07-23 04:34:55.301","level":"info","message":"Using memory store for brute force protection (development mode)","source":"aol-tms-backend","environment":"development","service":"aol-tms-backend","version":"2.0.0","hostname":"localhost","pid":6619}
{"@timestamp":"2025-07-23 04:34:55.333","level":"info","message":"Initializing Socket.IO server...","source":"aol-tms-backend","environment":"development","service":"aol-tms-backend","version":"2.0.0","hostname":"localhost","pid":6619}
{"@timestamp":"2025-07-23 04:34:55.334","level":"info","message":"Socket.IO server initialized successfully","source":"aol-tms-backend","environment":"development","service":"aol-tms-backend","version":"2.0.0","hostname":"localhost","pid":6619}
{"@timestamp":"2025-07-23 04:34:55.334","level":"info","message":"Running in development mode - database connection optional","source":"aol-tms-backend","environment":"development","service":"aol-tms-backend","version":"2.0.0","hostname":"localhost","pid":6619}
